// Vitest Snapshot v1, https://vitest.dev/guide/snapshot.html

exports[`<ExportOrderButton /> > should match the snapshot 1`] = `
<div>
  <button
    class="Button ExportOrderButton contained primary"
    data-testid="ExportOrderButton"
    type="button"
  >
    <svg
      class="Spinner spinner"
    >
      bars.svg
    </svg>
    <span
      class="content"
    >
      Backup Current Settings
    </span>
  </button>
</div>
`;
